#0 building with "default" instance using docker driver

#1 [internal] load .dockerignore
#1 transferring context: 2B done
#1 DONE 0.0s

#2 [internal] load build definition from Dockerfile
#2 transferring dockerfile: 491B done
#2 DONE 0.0s

#3 [internal] load metadata for docker.io/library/python:3.8
